[2026-05-15T13:55:40.251128+00:00] event=PreModelCall
[2026-05-15T13:55:42.432461+00:00] event=PostModelCall
[2026-05-15T14:01:04.441786+00:00] event=PreModelCall
[2026-05-15T14:01:06.265137+00:00] event=PostModelCall
[2026-05-15T14:02:26.885331+00:00] event=PreModelCall
[2026-05-15T14:02:28.636061+00:00] event=PostModelCall
[2026-05-15T14:02:28.761589+00:00] event=PreToolUse tool=file_reader
[2026-05-15T14:02:28.847043+00:00] event=PostToolUse tool=file_reader
[2026-05-15T14:02:28.939888+00:00] event=PreModelCall
[2026-05-15T14:02:34.697446+00:00] event=PostModelCall
[2026-05-15T14:03:03.800088+00:00] event=PreModelCall
[2026-05-15T14:03:05.597727+00:00] event=PostModelCall
[2026-05-15T14:03:05.714364+00:00] event=PreToolUse tool=model_switch
[2026-05-15T14:03:05.815370+00:00] event=PostToolUse tool=model_switch
[2026-05-15T14:03:05.919522+00:00] event=PreModelCall
[2026-05-15T14:03:12.341726+00:00] event=PostModelCall
[2026-05-15T14:03:42.661887+00:00] event=PreModelCall
[2026-05-15T14:03:48.388895+00:00] event=PostModelCall
[2026-05-15T14:04:18.317296+00:00] event=PreModelCall
[2026-05-15T14:04:23.705134+00:00] event=PostModelCall
[2026-05-15T14:04:34.252018+00:00] event=PreModelCall
[2026-05-15T14:04:38.524979+00:00] event=PostModelCall
[2026-05-15T14:04:38.751265+00:00] event=PreToolUse tool=file_reader
[2026-05-15T14:04:38.964160+00:00] event=PostToolUse tool=file_reader
[2026-05-15T14:04:39.054750+00:00] event=PreModelCall
[2026-05-15T14:04:50.024480+00:00] event=PostModelCall
[2026-05-15T14:04:50.250330+00:00] event=PreToolUse tool=file_reader
[2026-05-15T14:04:50.438090+00:00] event=PostToolUse tool=file_reader
[2026-05-15T14:04:50.669524+00:00] event=PreModelCall
[2026-05-15T14:04:57.691540+00:00] event=PostModelCall
[2026-05-15T14:04:57.895682+00:00] event=PreToolUse tool=file_writer
[2026-05-15T14:04:58.190887+00:00] event=PostToolUse tool=file_writer
[2026-05-15T14:04:58.277091+00:00] event=PreModelCall
[2026-05-15T14:05:26.385545+00:00] event=PostModelCall
[2026-05-15T14:05:26.639751+00:00] event=PreToolUse tool=file_writer
[2026-05-15T14:05:26.768155+00:00] event=PostToolUse tool=file_writer
[2026-05-15T14:05:26.855299+00:00] event=PreModelCall
[2026-05-15T14:05:29.140221+00:00] event=PostModelCall
[2026-05-15T14:05:29.332193+00:00] event=PreToolUse tool=file_reader
[2026-05-15T14:05:29.542907+00:00] event=PostToolUse tool=file_reader
[2026-05-15T14:05:29.699437+00:00] event=PreModelCall
[2026-05-15T14:05:32.216144+00:00] event=PostModelCall
[2026-05-15T14:05:32.388157+00:00] event=PreToolUse tool=file_reader
[2026-05-15T14:05:32.491423+00:00] event=PostToolUse tool=file_reader
[2026-05-15T14:05:32.655783+00:00] event=PreModelCall
[2026-05-15T14:05:35.842418+00:00] event=PostModelCall
[2026-05-15T14:05:36.012347+00:00] event=PreToolUse tool=file_reader
[2026-05-15T14:05:36.121963+00:00] event=PostToolUse tool=file_reader
[2026-05-15T14:05:36.214674+00:00] event=PreToolUse tool=file_reader
[2026-05-15T14:05:36.288098+00:00] event=PostToolUse tool=file_reader
[2026-05-15T14:05:36.373539+00:00] event=PreModelCall
[2026-05-15T14:05:40.059096+00:00] event=PostModelCall
[2026-05-15T14:05:40.302206+00:00] event=PreToolUse tool=model_switch
[2026-05-15T14:05:40.413276+00:00] event=PostToolUse tool=model_switch
[2026-05-15T14:05:40.562939+00:00] event=PreModelCall
[2026-05-15T14:05:42.179431+00:00] event=PostModelCall
[2026-05-15T14:05:42.277407+00:00] event=PreToolUse tool=resource_loader
[2026-05-15T14:05:42.354575+00:00] event=PostToolUse tool=resource_loader
[2026-05-15T14:05:42.437111+00:00] event=PreModelCall
[2026-05-15T14:05:45.858723+00:00] event=PostModelCall
